// Jest Snapshot v1, https://goo.gl/fbAQLP

exports[`NotFoundPage Component matches snapshot 1`] = `
<DocumentFragment>
  <section
    class="MuiBox-root css-ij0kac"
  >
    <h1
      class="MuiTypography-root MuiTypography-h1 MuiTypography-gutterBottom css-a4d0r7-MuiTypography-root"
    >
      404
    </h1>
    <h2
      class="MuiTypography-root MuiTypography-h4 MuiTypography-gutterBottom css-1vw6mcs-MuiTypography-root"
    >
      Page Not Found
    </h2>
    <p
      class="MuiTypography-root MuiTypography-body1 MuiTypography-paragraph css-z2eky3-MuiTypography-root"
    >
      The page you are looking for doesn't exist or has been moved.
    </p>
    <button
      class="MuiButtonBase-root MuiButton-root MuiButton-contained MuiButton-containedPrimary MuiButton-sizeMedium MuiButton-containedSizeMedium MuiButton-colorPrimary MuiButton-root MuiButton-contained MuiButton-containedPrimary MuiButton-sizeMedium MuiButton-containedSizeMedium MuiButton-colorPrimary css-lll1vm-MuiButtonBase-root-MuiButton-root"
      tabindex="0"
      type="button"
    >
      Go to Dashboard
      <span
        class="MuiTouchRipple-root css-8je8zh-MuiTouchRipple-root"
      />
    </button>
  </section>
</DocumentFragment>
`;
